[2026-03-11 02:55:27] local.ERROR: __VSCODE_LARAVEL_STARTUP_ERROR__: rename(C:\Users\andre\Desktop\api-spiral-main\api-spiral-main\bootstrap\cache\pac9FAE.tmp,C:\Users\andre\Desktop\api-spiral-main\api-spiral-main\bootstrap\cache/packages.php): Acceso denegado (code: 5) {"exception":"[object] (Error(code: 0): __VSCODE_LARAVEL_STARTUP_ERROR__: rename(C:\\Users\\andre\\Desktop\\api-spiral-main\\api-spiral-main\\bootstrap\\cache\\pac9FAE.tmp,C:\\Users\\andre\\Desktop\\api-spiral-main\\api-spiral-main\\bootstrap\\cache/packages.php): Acceso denegado (code: 5) at C:/Users/andre/Desktop/api-spiral-main/api-spiral-main/vendor/_laravel_ide/discover-d7e0bf33adda1a48ff4c9bdab757e083.php:33)
[stacktrace]
#0 C:/Users/andre/Desktop/api-spiral-main/api-spiral-main/vendor/_laravel_ide/discover-d7e0bf33adda1a48ff4c9bdab757e083.php(62): LaravelVsCode::startupError(Object(ErrorException))
#1 {main}
"} 
[2026-03-13 21:36:04] local.ERROR: __VSCODE_LARAVEL_STARTUP_ERROR__: rename(C:\Users\andre\Desktop\api-spiral-main\api-spiral-main\bootstrap\cache\ser5B67.tmp,C:\Users\andre\Desktop\api-spiral-main\api-spiral-main\bootstrap\cache\services.php): Acceso denegado (code: 5) {"exception":"[object] (Error(code: 0): __VSCODE_LARAVEL_STARTUP_ERROR__: rename(C:\\Users\\andre\\Desktop\\api-spiral-main\\api-spiral-main\\bootstrap\\cache\\ser5B67.tmp,C:\\Users\\andre\\Desktop\\api-spiral-main\\api-spiral-main\\bootstrap\\cache\\services.php): Acceso denegado (code: 5) at C:/Users/andre/Desktop/api-spiral-main/api-spiral-main/vendor/_laravel_ide/discover-7563160ca998bde672640aa1e68dfd08.php:33)
[stacktrace]
#0 C:/Users/andre/Desktop/api-spiral-main/api-spiral-main/vendor/_laravel_ide/discover-7563160ca998bde672640aa1e68dfd08.php(62): LaravelVsCode::startupError(Object(ErrorException))
#1 {main}
"} 
[2026-03-13 21:36:04] local.ERROR: __VSCODE_LARAVEL_STARTUP_ERROR__: rename(C:\Users\andre\Desktop\api-spiral-main\api-spiral-main\bootstrap\cache\ser5B68.tmp,C:\Users\andre\Desktop\api-spiral-main\api-spiral-main\bootstrap\cache\services.php): Acceso denegado (code: 5) {"exception":"[object] (Error(code: 0): __VSCODE_LARAVEL_STARTUP_ERROR__: rename(C:\\Users\\andre\\Desktop\\api-spiral-main\\api-spiral-main\\bootstrap\\cache\\ser5B68.tmp,C:\\Users\\andre\\Desktop\\api-spiral-main\\api-spiral-main\\bootstrap\\cache\\services.php): Acceso denegado (code: 5) at C:/Users/andre/Desktop/api-spiral-main/api-spiral-main/vendor/_laravel_ide/discover-cfae44312a91110c691459b4106ded61.php:33)
[stacktrace]
#0 C:/Users/andre/Desktop/api-spiral-main/api-spiral-main/vendor/_laravel_ide/discover-cfae44312a91110c691459b4106ded61.php(62): LaravelVsCode::startupError(Object(ErrorException))
#1 {main}
"} 
[2026-03-13 21:36:51] local.ERROR: Required @OA\PathItem() not found {"exception":"[object] (ErrorException(code: 0): Required @OA\\PathItem() not found at C:/Users/andre/Desktop/api-spiral-main/api-spiral-main/vendor/zircote/swagger-php/src/Loggers/DefaultLogger.php:23)
[stacktrace]
#0 C:/Users/andre/Desktop/api-spiral-main/api-spiral-main/vendor/laravel/framework/src/Illuminate/Foundation/Bootstrap/HandleExceptions.php(258): Illuminate/Foundation/Bootstrap/HandleExceptions->handleError(512, 'Required @OA//Pa...', 'C://Users//andre//...', 23)
#1 [internal function]: Illuminate/Foundation/Bootstrap/HandleExceptions->Illuminate/Foundation/Bootstrap/{closure}(512, 'Required @OA//Pa...', 'C://Users//andre//...', 23)
#2 C:/Users/andre/Desktop/api-spiral-main/api-spiral-main/vendor/zircote/swagger-php/src/Loggers/DefaultLogger.php(23): trigger_error('Required @OA//Pa...', 512)
#3 C:/Users/andre/Desktop/api-spiral-main/api-spiral-main/vendor/psr/log/src/LoggerTrait.php(61): OpenApi/Loggers/DefaultLogger->log('warning', 'Required @OA//Pa...', Array)
#4 C:/Users/andre/Desktop/api-spiral-main/api-spiral-main/vendor/zircote/swagger-php/src/Annotations/OpenApi.php(178): Psr/Log/AbstractLogger->warning('Required @OA//Pa...')
#5 C:/Users/andre/Desktop/api-spiral-main/api-spiral-main/vendor/zircote/swagger-php/src/Analysis.php(392): OpenApi/Annotations/OpenApi->validate()
#6 C:/Users/andre/Desktop/api-spiral-main/api-spiral-main/vendor/zircote/swagger-php/src/Generator.php(408): OpenApi/Analysis->validate()
#7 C:/Users/andre/Desktop/api-spiral-main/api-spiral-main/vendor/darkaonline/l5-swagger/src/Generator.php(177): OpenApi/Generator->generate(Object(OpenApi/SourceFinder), Object(OpenApi/Analysis))
#8 C:/Users/andre/Desktop/api-spiral-main/api-spiral-main/vendor/darkaonline/l5-swagger/src/Generator.php(118): L5Swagger/Generator->scanFilesForDocumentation()
#9 C:/Users/andre/Desktop/api-spiral-main/api-spiral-main/vendor/darkaonline/l5-swagger/src/Console/GenerateDocsCommand.php(73): L5Swagger/Generator->generateDocs()
#10 C:/Users/andre/Desktop/api-spiral-main/api-spiral-main/vendor/darkaonline/l5-swagger/src/Console/GenerateDocsCommand.php(56): L5Swagger/Console/GenerateDocsCommand->generateDocumentation(Object(L5Swagger/GeneratorFactory), 'default')
#11 C:/Users/andre/Desktop/api-spiral-main/api-spiral-main/vendor/laravel/framework/src/Illuminate/Container/BoundMethod.php(36): L5Swagger/Console/GenerateDocsCommand->handle(Object(L5Swagger/GeneratorFactory))
#12 C:/Users/andre/Desktop/api-spiral-main/api-spiral-main/vendor/laravel/framework/src/Illuminate/Container/Util.php(43): Illuminate/Container/BoundMethod::Illuminate/Container/{closure}()
#13 C:/Users/andre/Desktop/api-spiral-main/api-spiral-main/vendor/laravel/framework/src/Illuminate/Container/BoundMethod.php(96): Illuminate/Container/Util::unwrapIfClosure(Object(Closure))
#14 C:/Users/andre/Desktop/api-spiral-main/api-spiral-main/vendor/laravel/framework/src/Illuminate/Container/BoundMethod.php(35): Illuminate/Container/BoundMethod::callBoundMethod(Object(Illuminate/Foundation/Application), Array, Object(Closure))
#15 C:/Users/andre/Desktop/api-spiral-main/api-spiral-main/vendor/laravel/framework/src/Illuminate/Container/Container.php(799): Illuminate/Container/BoundMethod::call(Object(Illuminate/Foundation/Application), Array, Array, NULL)
#16 C:/Users/andre/Desktop/api-spiral-main/api-spiral-main/vendor/laravel/framework/src/Illuminate/Console/Command.php(211): Illuminate/Container/Container->call(Array)
#17 C:/Users/andre/Desktop/api-spiral-main/api-spiral-main/vendor/symfony/console/Command/Command.php(341): Illuminate/Console/Command->execute(Object(Symfony/Component/Console/Input/ArgvInput), Object(Illuminate/Console/OutputStyle))
#18 C:/Users/andre/Desktop/api-spiral-main/api-spiral-main/vendor/laravel/framework/src/Illuminate/Console/Command.php(180): Symfony/Component/Console/Command/Command->run(Object(Symfony/Component/Console/Input/ArgvInput), Object(Illuminate/Console/OutputStyle))
#19 C:/Users/andre/Desktop/api-spiral-main/api-spiral-main/vendor/symfony/console/Application.php(1102): Illuminate/Console/Command->run(Object(Symfony/Component/Console/Input/ArgvInput), Object(Symfony/Component/Console/Output/ConsoleOutput))
#20 C:/Users/andre/Desktop/api-spiral-main/api-spiral-main/vendor/symfony/console/Application.php(356): Symfony/Component/Console/Application->doRunCommand(Object(L5Swagger/Console/GenerateDocsCommand), Object(Symfony/Component/Console/Input/ArgvInput), Object(Symfony/Component/Console/Output/ConsoleOutput))
#21 C:/Users/andre/Desktop/api-spiral-main/api-spiral-main/vendor/symfony/console/Application.php(195): Symfony/Component/Console/Application->doRun(Object(Symfony/Component/Console/Input/ArgvInput), Object(Symfony/Component/Console/Output/ConsoleOutput))
#22 C:/Users/andre/Desktop/api-spiral-main/api-spiral-main/vendor/laravel/framework/src/Illuminate/Foundation/Console/Kernel.php(198): Symfony/Component/Console/Application->run(Object(Symfony/Component/Console/Input/ArgvInput), Object(Symfony/Component/Console/Output/ConsoleOutput))
#23 C:/Users/andre/Desktop/api-spiral-main/api-spiral-main/vendor/laravel/framework/src/Illuminate/Foundation/Application.php(1235): Illuminate/Foundation/Console/Kernel->handle(Object(Symfony/Component/Console/Input/ArgvInput), Object(Symfony/Component/Console/Output/ConsoleOutput))
#24 C:/Users/andre/Desktop/api-spiral-main/api-spiral-main/artisan(16): Illuminate/Foundation/Application->handleCommand(Object(Symfony/Component/Console/Input/ArgvInput))
#25 {main}
"} 
[2026-03-13 21:58:14] local.ERROR: Required @OA\PathItem() not found {"exception":"[object] (ErrorException(code: 0): Required @OA\\PathItem() not found at C:/Users/andre/Desktop/api-spiral-main/api-spiral-main/vendor/zircote/swagger-php/src/Loggers/DefaultLogger.php:23)
[stacktrace]
#0 C:/Users/andre/Desktop/api-spiral-main/api-spiral-main/vendor/laravel/framework/src/Illuminate/Foundation/Bootstrap/HandleExceptions.php(258): Illuminate/Foundation/Bootstrap/HandleExceptions->handleError(512, 'Required @OA//Pa...', 'C://Users//andre//...', 23)
#1 [internal function]: Illuminate/Foundation/Bootstrap/HandleExceptions->Illuminate/Foundation/Bootstrap/{closure}(512, 'Required @OA//Pa...', 'C://Users//andre//...', 23)
#2 C:/Users/andre/Desktop/api-spiral-main/api-spiral-main/vendor/zircote/swagger-php/src/Loggers/DefaultLogger.php(23): trigger_error('Required @OA//Pa...', 512)
#3 C:/Users/andre/Desktop/api-spiral-main/api-spiral-main/vendor/psr/log/src/LoggerTrait.php(61): OpenApi/Loggers/DefaultLogger->log('warning', 'Required @OA//Pa...', Array)
#4 C:/Users/andre/Desktop/api-spiral-main/api-spiral-main/vendor/zircote/swagger-php/src/Annotations/OpenApi.php(178): Psr/Log/AbstractLogger->warning('Required @OA//Pa...')
#5 C:/Users/andre/Desktop/api-spiral-main/api-spiral-main/vendor/zircote/swagger-php/src/Analysis.php(392): OpenApi/Annotations/OpenApi->validate()
#6 C:/Users/andre/Desktop/api-spiral-main/api-spiral-main/vendor/zircote/swagger-php/src/Generator.php(408): OpenApi/Analysis->validate()
#7 C:/Users/andre/Desktop/api-spiral-main/api-spiral-main/vendor/darkaonline/l5-swagger/src/Generator.php(177): OpenApi/Generator->generate(Object(OpenApi/SourceFinder), Object(OpenApi/Analysis))
#8 C:/Users/andre/Desktop/api-spiral-main/api-spiral-main/vendor/darkaonline/l5-swagger/src/Generator.php(118): L5Swagger/Generator->scanFilesForDocumentation()
#9 C:/Users/andre/Desktop/api-spiral-main/api-spiral-main/vendor/darkaonline/l5-swagger/src/Console/GenerateDocsCommand.php(73): L5Swagger/Generator->generateDocs()
#10 C:/Users/andre/Desktop/api-spiral-main/api-spiral-main/vendor/darkaonline/l5-swagger/src/Console/GenerateDocsCommand.php(56): L5Swagger/Console/GenerateDocsCommand->generateDocumentation(Object(L5Swagger/GeneratorFactory), 'default')
#11 C:/Users/andre/Desktop/api-spiral-main/api-spiral-main/vendor/laravel/framework/src/Illuminate/Container/BoundMethod.php(36): L5Swagger/Console/GenerateDocsCommand->handle(Object(L5Swagger/GeneratorFactory))
#12 C:/Users/andre/Desktop/api-spiral-main/api-spiral-main/vendor/laravel/framework/src/Illuminate/Container/Util.php(43): Illuminate/Container/BoundMethod::Illuminate/Container/{closure}()
#13 C:/Users/andre/Desktop/api-spiral-main/api-spiral-main/vendor/laravel/framework/src/Illuminate/Container/BoundMethod.php(96): Illuminate/Container/Util::unwrapIfClosure(Object(Closure))
#14 C:/Users/andre/Desktop/api-spiral-main/api-spiral-main/vendor/laravel/framework/src/Illuminate/Container/BoundMethod.php(35): Illuminate/Container/BoundMethod::callBoundMethod(Object(Illuminate/Foundation/Application), Array, Object(Closure))
#15 C:/Users/andre/Desktop/api-spiral-main/api-spiral-main/vendor/laravel/framework/src/Illuminate/Container/Container.php(799): Illuminate/Container/BoundMethod::call(Object(Illuminate/Foundation/Application), Array, Array, NULL)
#16 C:/Users/andre/Desktop/api-spiral-main/api-spiral-main/vendor/laravel/framework/src/Illuminate/Console/Command.php(211): Illuminate/Container/Container->call(Array)
#17 C:/Users/andre/Desktop/api-spiral-main/api-spiral-main/vendor/symfony/console/Command/Command.php(341): Illuminate/Console/Command->execute(Object(Symfony/Component/Console/Input/ArgvInput), Object(Illuminate/Console/OutputStyle))
#18 C:/Users/andre/Desktop/api-spiral-main/api-spiral-main/vendor/laravel/framework/src/Illuminate/Console/Command.php(180): Symfony/Component/Console/Command/Command->run(Object(Symfony/Component/Console/Input/ArgvInput), Object(Illuminate/Console/OutputStyle))
#19 C:/Users/andre/Desktop/api-spiral-main/api-spiral-main/vendor/symfony/console/Application.php(1102): Illuminate/Console/Command->run(Object(Symfony/Component/Console/Input/ArgvInput), Object(Symfony/Component/Console/Output/ConsoleOutput))
#20 C:/Users/andre/Desktop/api-spiral-main/api-spiral-main/vendor/symfony/console/Application.php(356): Symfony/Component/Console/Application->doRunCommand(Object(L5Swagger/Console/GenerateDocsCommand), Object(Symfony/Component/Console/Input/ArgvInput), Object(Symfony/Component/Console/Output/ConsoleOutput))
#21 C:/Users/andre/Desktop/api-spiral-main/api-spiral-main/vendor/symfony/console/Application.php(195): Symfony/Component/Console/Application->doRun(Object(Symfony/Component/Console/Input/ArgvInput), Object(Symfony/Component/Console/Output/ConsoleOutput))
#22 C:/Users/andre/Desktop/api-spiral-main/api-spiral-main/vendor/laravel/framework/src/Illuminate/Foundation/Console/Kernel.php(198): Symfony/Component/Console/Application->run(Object(Symfony/Component/Console/Input/ArgvInput), Object(Symfony/Component/Console/Output/ConsoleOutput))
#23 C:/Users/andre/Desktop/api-spiral-main/api-spiral-main/vendor/laravel/framework/src/Illuminate/Foundation/Application.php(1235): Illuminate/Foundation/Console/Kernel->handle(Object(Symfony/Component/Console/Input/ArgvInput), Object(Symfony/Component/Console/Output/ConsoleOutput))
#24 C:/Users/andre/Desktop/api-spiral-main/api-spiral-main/artisan(16): Illuminate/Foundation/Application->handleCommand(Object(Symfony/Component/Console/Input/ArgvInput))
#25 {main}
"} 
[2026-03-13 22:00:49] local.ERROR: Required @OA\PathItem() not found {"exception":"[object] (ErrorException(code: 0): Required @OA\\PathItem() not found at C:/Users/andre/Desktop/api-spiral-main/api-spiral-main/vendor/zircote/swagger-php/src/Loggers/DefaultLogger.php:23)
[stacktrace]
#0 C:/Users/andre/Desktop/api-spiral-main/api-spiral-main/vendor/laravel/framework/src/Illuminate/Foundation/Bootstrap/HandleExceptions.php(258): Illuminate/Foundation/Bootstrap/HandleExceptions->handleError(512, 'Required @OA//Pa...', 'C://Users//andre//...', 23)
#1 [internal function]: Illuminate/Foundation/Bootstrap/HandleExceptions->Illuminate/Foundation/Bootstrap/{closure}(512, 'Required @OA//Pa...', 'C://Users//andre//...', 23)
#2 C:/Users/andre/Desktop/api-spiral-main/api-spiral-main/vendor/zircote/swagger-php/src/Loggers/DefaultLogger.php(23): trigger_error('Required @OA//Pa...', 512)
#3 C:/Users/andre/Desktop/api-spiral-main/api-spiral-main/vendor/psr/log/src/LoggerTrait.php(61): OpenApi/Loggers/DefaultLogger->log('warning', 'Required @OA//Pa...', Array)
#4 C:/Users/andre/Desktop/api-spiral-main/api-spiral-main/vendor/zircote/swagger-php/src/Annotations/OpenApi.php(178): Psr/Log/AbstractLogger->warning('Required @OA//Pa...')
#5 C:/Users/andre/Desktop/api-spiral-main/api-spiral-main/vendor/zircote/swagger-php/src/Analysis.php(392): OpenApi/Annotations/OpenApi->validate()
#6 C:/Users/andre/Desktop/api-spiral-main/api-spiral-main/vendor/zircote/swagger-php/src/Generator.php(408): OpenApi/Analysis->validate()
#7 C:/Users/andre/Desktop/api-spiral-main/api-spiral-main/vendor/darkaonline/l5-swagger/src/Generator.php(177): OpenApi/Generator->generate(Object(OpenApi/SourceFinder), Object(OpenApi/Analysis))
#8 C:/Users/andre/Desktop/api-spiral-main/api-spiral-main/vendor/darkaonline/l5-swagger/src/Generator.php(118): L5Swagger/Generator->scanFilesForDocumentation()
#9 C:/Users/andre/Desktop/api-spiral-main/api-spiral-main/vendor/darkaonline/l5-swagger/src/Console/GenerateDocsCommand.php(73): L5Swagger/Generator->generateDocs()
#10 C:/Users/andre/Desktop/api-spiral-main/api-spiral-main/vendor/darkaonline/l5-swagger/src/Console/GenerateDocsCommand.php(56): L5Swagger/Console/GenerateDocsCommand->generateDocumentation(Object(L5Swagger/GeneratorFactory), 'default')
#11 C:/Users/andre/Desktop/api-spiral-main/api-spiral-main/vendor/laravel/framework/src/Illuminate/Container/BoundMethod.php(36): L5Swagger/Console/GenerateDocsCommand->handle(Object(L5Swagger/GeneratorFactory))
#12 C:/Users/andre/Desktop/api-spiral-main/api-spiral-main/vendor/laravel/framework/src/Illuminate/Container/Util.php(43): Illuminate/Container/BoundMethod::Illuminate/Container/{closure}()
#13 C:/Users/andre/Desktop/api-spiral-main/api-spiral-main/vendor/laravel/framework/src/Illuminate/Container/BoundMethod.php(96): Illuminate/Container/Util::unwrapIfClosure(Object(Closure))
#14 C:/Users/andre/Desktop/api-spiral-main/api-spiral-main/vendor/laravel/framework/src/Illuminate/Container/BoundMethod.php(35): Illuminate/Container/BoundMethod::callBoundMethod(Object(Illuminate/Foundation/Application), Array, Object(Closure))
#15 C:/Users/andre/Desktop/api-spiral-main/api-spiral-main/vendor/laravel/framework/src/Illuminate/Container/Container.php(799): Illuminate/Container/BoundMethod::call(Object(Illuminate/Foundation/Application), Array, Array, NULL)
#16 C:/Users/andre/Desktop/api-spiral-main/api-spiral-main/vendor/laravel/framework/src/Illuminate/Console/Command.php(211): Illuminate/Container/Container->call(Array)
#17 C:/Users/andre/Desktop/api-spiral-main/api-spiral-main/vendor/symfony/console/Command/Command.php(341): Illuminate/Console/Command->execute(Object(Symfony/Component/Console/Input/ArgvInput), Object(Illuminate/Console/OutputStyle))
#18 C:/Users/andre/Desktop/api-spiral-main/api-spiral-main/vendor/laravel/framework/src/Illuminate/Console/Command.php(180): Symfony/Component/Console/Command/Command->run(Object(Symfony/Component/Console/Input/ArgvInput), Object(Illuminate/Console/OutputStyle))
#19 C:/Users/andre/Desktop/api-spiral-main/api-spiral-main/vendor/symfony/console/Application.php(1102): Illuminate/Console/Command->run(Object(Symfony/Component/Console/Input/ArgvInput), Object(Symfony/Component/Console/Output/ConsoleOutput))
#20 C:/Users/andre/Desktop/api-spiral-main/api-spiral-main/vendor/symfony/console/Application.php(356): Symfony/Component/Console/Application->doRunCommand(Object(L5Swagger/Console/GenerateDocsCommand), Object(Symfony/Component/Console/Input/ArgvInput), Object(Symfony/Component/Console/Output/ConsoleOutput))
#21 C:/Users/andre/Desktop/api-spiral-main/api-spiral-main/vendor/symfony/console/Application.php(195): Symfony/Component/Console/Application->doRun(Object(Symfony/Component/Console/Input/ArgvInput), Object(Symfony/Component/Console/Output/ConsoleOutput))
#22 C:/Users/andre/Desktop/api-spiral-main/api-spiral-main/vendor/laravel/framework/src/Illuminate/Foundation/Console/Kernel.php(198): Symfony/Component/Console/Application->run(Object(Symfony/Component/Console/Input/ArgvInput), Object(Symfony/Component/Console/Output/ConsoleOutput))
#23 C:/Users/andre/Desktop/api-spiral-main/api-spiral-main/vendor/laravel/framework/src/Illuminate/Foundation/Application.php(1235): Illuminate/Foundation/Console/Kernel->handle(Object(Symfony/Component/Console/Input/ArgvInput), Object(Symfony/Component/Console/Output/ConsoleOutput))
#24 C:/Users/andre/Desktop/api-spiral-main/api-spiral-main/artisan(16): Illuminate/Foundation/Application->handleCommand(Object(Symfony/Component/Console/Input/ArgvInput))
#25 {main}
"} 
[2026-03-13 22:01:13] local.ERROR: Required @OA\PathItem() not found {"exception":"[object] (ErrorException(code: 0): Required @OA\\PathItem() not found at C:/Users/andre/Desktop/api-spiral-main/api-spiral-main/vendor/zircote/swagger-php/src/Loggers/DefaultLogger.php:23)
[stacktrace]
#0 C:/Users/andre/Desktop/api-spiral-main/api-spiral-main/vendor/laravel/framework/src/Illuminate/Foundation/Bootstrap/HandleExceptions.php(258): Illuminate/Foundation/Bootstrap/HandleExceptions->handleError(512, 'Required @OA//Pa...', 'C://Users//andre//...', 23)
#1 [internal function]: Illuminate/Foundation/Bootstrap/HandleExceptions->Illuminate/Foundation/Bootstrap/{closure}(512, 'Required @OA//Pa...', 'C://Users//andre//...', 23)
#2 C:/Users/andre/Desktop/api-spiral-main/api-spiral-main/vendor/zircote/swagger-php/src/Loggers/DefaultLogger.php(23): trigger_error('Required @OA//Pa...', 512)
#3 C:/Users/andre/Desktop/api-spiral-main/api-spiral-main/vendor/psr/log/src/LoggerTrait.php(61): OpenApi/Loggers/DefaultLogger->log('warning', 'Required @OA//Pa...', Array)
#4 C:/Users/andre/Desktop/api-spiral-main/api-spiral-main/vendor/zircote/swagger-php/src/Annotations/OpenApi.php(178): Psr/Log/AbstractLogger->warning('Required @OA//Pa...')
#5 C:/Users/andre/Desktop/api-spiral-main/api-spiral-main/vendor/zircote/swagger-php/src/Analysis.php(392): OpenApi/Annotations/OpenApi->validate()
#6 C:/Users/andre/Desktop/api-spiral-main/api-spiral-main/vendor/zircote/swagger-php/src/Generator.php(408): OpenApi/Analysis->validate()
#7 C:/Users/andre/Desktop/api-spiral-main/api-spiral-main/vendor/darkaonline/l5-swagger/src/Generator.php(177): OpenApi/Generator->generate(Object(OpenApi/SourceFinder), Object(OpenApi/Analysis))
#8 C:/Users/andre/Desktop/api-spiral-main/api-spiral-main/vendor/darkaonline/l5-swagger/src/Generator.php(118): L5Swagger/Generator->scanFilesForDocumentation()
#9 C:/Users/andre/Desktop/api-spiral-main/api-spiral-main/vendor/darkaonline/l5-swagger/src/Console/GenerateDocsCommand.php(73): L5Swagger/Generator->generateDocs()
#10 C:/Users/andre/Desktop/api-spiral-main/api-spiral-main/vendor/darkaonline/l5-swagger/src/Console/GenerateDocsCommand.php(56): L5Swagger/Console/GenerateDocsCommand->generateDocumentation(Object(L5Swagger/GeneratorFactory), 'default')
#11 C:/Users/andre/Desktop/api-spiral-main/api-spiral-main/vendor/laravel/framework/src/Illuminate/Container/BoundMethod.php(36): L5Swagger/Console/GenerateDocsCommand->handle(Object(L5Swagger/GeneratorFactory))
#12 C:/Users/andre/Desktop/api-spiral-main/api-spiral-main/vendor/laravel/framework/src/Illuminate/Container/Util.php(43): Illuminate/Container/BoundMethod::Illuminate/Container/{closure}()
#13 C:/Users/andre/Desktop/api-spiral-main/api-spiral-main/vendor/laravel/framework/src/Illuminate/Container/BoundMethod.php(96): Illuminate/Container/Util::unwrapIfClosure(Object(Closure))
#14 C:/Users/andre/Desktop/api-spiral-main/api-spiral-main/vendor/laravel/framework/src/Illuminate/Container/BoundMethod.php(35): Illuminate/Container/BoundMethod::callBoundMethod(Object(Illuminate/Foundation/Application), Array, Object(Closure))
#15 C:/Users/andre/Desktop/api-spiral-main/api-spiral-main/vendor/laravel/framework/src/Illuminate/Container/Container.php(799): Illuminate/Container/BoundMethod::call(Object(Illuminate/Foundation/Application), Array, Array, NULL)
#16 C:/Users/andre/Desktop/api-spiral-main/api-spiral-main/vendor/laravel/framework/src/Illuminate/Console/Command.php(211): Illuminate/Container/Container->call(Array)
#17 C:/Users/andre/Desktop/api-spiral-main/api-spiral-main/vendor/symfony/console/Command/Command.php(341): Illuminate/Console/Command->execute(Object(Symfony/Component/Console/Input/ArgvInput), Object(Illuminate/Console/OutputStyle))
#18 C:/Users/andre/Desktop/api-spiral-main/api-spiral-main/vendor/laravel/framework/src/Illuminate/Console/Command.php(180): Symfony/Component/Console/Command/Command->run(Object(Symfony/Component/Console/Input/ArgvInput), Object(Illuminate/Console/OutputStyle))
#19 C:/Users/andre/Desktop/api-spiral-main/api-spiral-main/vendor/symfony/console/Application.php(1102): Illuminate/Console/Command->run(Object(Symfony/Component/Console/Input/ArgvInput), Object(Symfony/Component/Console/Output/ConsoleOutput))
#20 C:/Users/andre/Desktop/api-spiral-main/api-spiral-main/vendor/symfony/console/Application.php(356): Symfony/Component/Console/Application->doRunCommand(Object(L5Swagger/Console/GenerateDocsCommand), Object(Symfony/Component/Console/Input/ArgvInput), Object(Symfony/Component/Console/Output/ConsoleOutput))
#21 C:/Users/andre/Desktop/api-spiral-main/api-spiral-main/vendor/symfony/console/Application.php(195): Symfony/Component/Console/Application->doRun(Object(Symfony/Component/Console/Input/ArgvInput), Object(Symfony/Component/Console/Output/ConsoleOutput))
#22 C:/Users/andre/Desktop/api-spiral-main/api-spiral-main/vendor/laravel/framework/src/Illuminate/Foundation/Console/Kernel.php(198): Symfony/Component/Console/Application->run(Object(Symfony/Component/Console/Input/ArgvInput), Object(Symfony/Component/Console/Output/ConsoleOutput))
#23 C:/Users/andre/Desktop/api-spiral-main/api-spiral-main/vendor/laravel/framework/src/Illuminate/Foundation/Application.php(1235): Illuminate/Foundation/Console/Kernel->handle(Object(Symfony/Component/Console/Input/ArgvInput), Object(Symfony/Component/Console/Output/ConsoleOutput))
#24 C:/Users/andre/Desktop/api-spiral-main/api-spiral-main/artisan(16): Illuminate/Foundation/Application->handleCommand(Object(Symfony/Component/Console/Input/ArgvInput))
#25 {main}
"} 
[2026-03-13 22:04:59] local.ERROR: Required @OA\PathItem() not found {"exception":"[object] (ErrorException(code: 0): Required @OA\\PathItem() not found at C:/Users/andre/Desktop/api-spiral-main/api-spiral-main/vendor/zircote/swagger-php/src/Loggers/DefaultLogger.php:23)
[stacktrace]
#0 C:/Users/andre/Desktop/api-spiral-main/api-spiral-main/vendor/laravel/framework/src/Illuminate/Foundation/Bootstrap/HandleExceptions.php(258): Illuminate/Foundation/Bootstrap/HandleExceptions->handleError(512, 'Required @OA//Pa...', 'C://Users//andre//...', 23)
#1 [internal function]: Illuminate/Foundation/Bootstrap/HandleExceptions->Illuminate/Foundation/Bootstrap/{closure}(512, 'Required @OA//Pa...', 'C://Users//andre//...', 23)
#2 C:/Users/andre/Desktop/api-spiral-main/api-spiral-main/vendor/zircote/swagger-php/src/Loggers/DefaultLogger.php(23): trigger_error('Required @OA//Pa...', 512)
#3 C:/Users/andre/Desktop/api-spiral-main/api-spiral-main/vendor/psr/log/src/LoggerTrait.php(61): OpenApi/Loggers/DefaultLogger->log('warning', 'Required @OA//Pa...', Array)
#4 C:/Users/andre/Desktop/api-spiral-main/api-spiral-main/vendor/zircote/swagger-php/src/Annotations/OpenApi.php(178): Psr/Log/AbstractLogger->warning('Required @OA//Pa...')
#5 C:/Users/andre/Desktop/api-spiral-main/api-spiral-main/vendor/zircote/swagger-php/src/Analysis.php(392): OpenApi/Annotations/OpenApi->validate()
#6 C:/Users/andre/Desktop/api-spiral-main/api-spiral-main/vendor/zircote/swagger-php/src/Generator.php(408): OpenApi/Analysis->validate()
#7 C:/Users/andre/Desktop/api-spiral-main/api-spiral-main/vendor/darkaonline/l5-swagger/src/Generator.php(177): OpenApi/Generator->generate(Object(OpenApi/SourceFinder), Object(OpenApi/Analysis))
#8 C:/Users/andre/Desktop/api-spiral-main/api-spiral-main/vendor/darkaonline/l5-swagger/src/Generator.php(118): L5Swagger/Generator->scanFilesForDocumentation()
#9 C:/Users/andre/Desktop/api-spiral-main/api-spiral-main/vendor/darkaonline/l5-swagger/src/Console/GenerateDocsCommand.php(73): L5Swagger/Generator->generateDocs()
#10 C:/Users/andre/Desktop/api-spiral-main/api-spiral-main/vendor/darkaonline/l5-swagger/src/Console/GenerateDocsCommand.php(56): L5Swagger/Console/GenerateDocsCommand->generateDocumentation(Object(L5Swagger/GeneratorFactory), 'default')
#11 C:/Users/andre/Desktop/api-spiral-main/api-spiral-main/vendor/laravel/framework/src/Illuminate/Container/BoundMethod.php(36): L5Swagger/Console/GenerateDocsCommand->handle(Object(L5Swagger/GeneratorFactory))
#12 C:/Users/andre/Desktop/api-spiral-main/api-spiral-main/vendor/laravel/framework/src/Illuminate/Container/Util.php(43): Illuminate/Container/BoundMethod::Illuminate/Container/{closure}()
#13 C:/Users/andre/Desktop/api-spiral-main/api-spiral-main/vendor/laravel/framework/src/Illuminate/Container/BoundMethod.php(96): Illuminate/Container/Util::unwrapIfClosure(Object(Closure))
#14 C:/Users/andre/Desktop/api-spiral-main/api-spiral-main/vendor/laravel/framework/src/Illuminate/Container/BoundMethod.php(35): Illuminate/Container/BoundMethod::callBoundMethod(Object(Illuminate/Foundation/Application), Array, Object(Closure))
#15 C:/Users/andre/Desktop/api-spiral-main/api-spiral-main/vendor/laravel/framework/src/Illuminate/Container/Container.php(799): Illuminate/Container/BoundMethod::call(Object(Illuminate/Foundation/Application), Array, Array, NULL)
#16 C:/Users/andre/Desktop/api-spiral-main/api-spiral-main/vendor/laravel/framework/src/Illuminate/Console/Command.php(211): Illuminate/Container/Container->call(Array)
#17 C:/Users/andre/Desktop/api-spiral-main/api-spiral-main/vendor/symfony/console/Command/Command.php(341): Illuminate/Console/Command->execute(Object(Symfony/Component/Console/Input/ArgvInput), Object(Illuminate/Console/OutputStyle))
#18 C:/Users/andre/Desktop/api-spiral-main/api-spiral-main/vendor/laravel/framework/src/Illuminate/Console/Command.php(180): Symfony/Component/Console/Command/Command->run(Object(Symfony/Component/Console/Input/ArgvInput), Object(Illuminate/Console/OutputStyle))
#19 C:/Users/andre/Desktop/api-spiral-main/api-spiral-main/vendor/symfony/console/Application.php(1102): Illuminate/Console/Command->run(Object(Symfony/Component/Console/Input/ArgvInput), Object(Symfony/Component/Console/Output/ConsoleOutput))
#20 C:/Users/andre/Desktop/api-spiral-main/api-spiral-main/vendor/symfony/console/Application.php(356): Symfony/Component/Console/Application->doRunCommand(Object(L5Swagger/Console/GenerateDocsCommand), Object(Symfony/Component/Console/Input/ArgvInput), Object(Symfony/Component/Console/Output/ConsoleOutput))
#21 C:/Users/andre/Desktop/api-spiral-main/api-spiral-main/vendor/symfony/console/Application.php(195): Symfony/Component/Console/Application->doRun(Object(Symfony/Component/Console/Input/ArgvInput), Object(Symfony/Component/Console/Output/ConsoleOutput))
#22 C:/Users/andre/Desktop/api-spiral-main/api-spiral-main/vendor/laravel/framework/src/Illuminate/Foundation/Console/Kernel.php(198): Symfony/Component/Console/Application->run(Object(Symfony/Component/Console/Input/ArgvInput), Object(Symfony/Component/Console/Output/ConsoleOutput))
#23 C:/Users/andre/Desktop/api-spiral-main/api-spiral-main/vendor/laravel/framework/src/Illuminate/Foundation/Application.php(1235): Illuminate/Foundation/Console/Kernel->handle(Object(Symfony/Component/Console/Input/ArgvInput), Object(Symfony/Component/Console/Output/ConsoleOutput))
#24 C:/Users/andre/Desktop/api-spiral-main/api-spiral-main/artisan(16): Illuminate/Foundation/Application->handleCommand(Object(Symfony/Component/Console/Input/ArgvInput))
#25 {main}
"} 
[2026-03-13 22:08:30] local.ERROR: Required @OA\PathItem() not found {"exception":"[object] (ErrorException(code: 0): Required @OA\\PathItem() not found at C:/Users/andre/Desktop/api-spiral-main/api-spiral-main/vendor/zircote/swagger-php/src/Loggers/DefaultLogger.php:23)
[stacktrace]
#0 C:/Users/andre/Desktop/api-spiral-main/api-spiral-main/vendor/laravel/framework/src/Illuminate/Foundation/Bootstrap/HandleExceptions.php(258): Illuminate/Foundation/Bootstrap/HandleExceptions->handleError(512, 'Required @OA//Pa...', 'C://Users//andre//...', 23)
#1 [internal function]: Illuminate/Foundation/Bootstrap/HandleExceptions->Illuminate/Foundation/Bootstrap/{closure}(512, 'Required @OA//Pa...', 'C://Users//andre//...', 23)
#2 C:/Users/andre/Desktop/api-spiral-main/api-spiral-main/vendor/zircote/swagger-php/src/Loggers/DefaultLogger.php(23): trigger_error('Required @OA//Pa...', 512)
#3 C:/Users/andre/Desktop/api-spiral-main/api-spiral-main/vendor/psr/log/src/LoggerTrait.php(61): OpenApi/Loggers/DefaultLogger->log('warning', 'Required @OA//Pa...', Array)
#4 C:/Users/andre/Desktop/api-spiral-main/api-spiral-main/vendor/zircote/swagger-php/src/Annotations/OpenApi.php(178): Psr/Log/AbstractLogger->warning('Required @OA//Pa...')
#5 C:/Users/andre/Desktop/api-spiral-main/api-spiral-main/vendor/zircote/swagger-php/src/Analysis.php(392): OpenApi/Annotations/OpenApi->validate()
#6 C:/Users/andre/Desktop/api-spiral-main/api-spiral-main/vendor/zircote/swagger-php/src/Generator.php(408): OpenApi/Analysis->validate()
#7 C:/Users/andre/Desktop/api-spiral-main/api-spiral-main/vendor/darkaonline/l5-swagger/src/Generator.php(177): OpenApi/Generator->generate(Object(OpenApi/SourceFinder), Object(OpenApi/Analysis))
#8 C:/Users/andre/Desktop/api-spiral-main/api-spiral-main/vendor/darkaonline/l5-swagger/src/Generator.php(118): L5Swagger/Generator->scanFilesForDocumentation()
#9 C:/Users/andre/Desktop/api-spiral-main/api-spiral-main/vendor/darkaonline/l5-swagger/src/Console/GenerateDocsCommand.php(73): L5Swagger/Generator->generateDocs()
#10 C:/Users/andre/Desktop/api-spiral-main/api-spiral-main/vendor/darkaonline/l5-swagger/src/Console/GenerateDocsCommand.php(56): L5Swagger/Console/GenerateDocsCommand->generateDocumentation(Object(L5Swagger/GeneratorFactory), 'default')
#11 C:/Users/andre/Desktop/api-spiral-main/api-spiral-main/vendor/laravel/framework/src/Illuminate/Container/BoundMethod.php(36): L5Swagger/Console/GenerateDocsCommand->handle(Object(L5Swagger/GeneratorFactory))
#12 C:/Users/andre/Desktop/api-spiral-main/api-spiral-main/vendor/laravel/framework/src/Illuminate/Container/Util.php(43): Illuminate/Container/BoundMethod::Illuminate/Container/{closure}()
#13 C:/Users/andre/Desktop/api-spiral-main/api-spiral-main/vendor/laravel/framework/src/Illuminate/Container/BoundMethod.php(96): Illuminate/Container/Util::unwrapIfClosure(Object(Closure))
#14 C:/Users/andre/Desktop/api-spiral-main/api-spiral-main/vendor/laravel/framework/src/Illuminate/Container/BoundMethod.php(35): Illuminate/Container/BoundMethod::callBoundMethod(Object(Illuminate/Foundation/Application), Array, Object(Closure))
#15 C:/Users/andre/Desktop/api-spiral-main/api-spiral-main/vendor/laravel/framework/src/Illuminate/Container/Container.php(799): Illuminate/Container/BoundMethod::call(Object(Illuminate/Foundation/Application), Array, Array, NULL)
#16 C:/Users/andre/Desktop/api-spiral-main/api-spiral-main/vendor/laravel/framework/src/Illuminate/Console/Command.php(211): Illuminate/Container/Container->call(Array)
#17 C:/Users/andre/Desktop/api-spiral-main/api-spiral-main/vendor/symfony/console/Command/Command.php(341): Illuminate/Console/Command->execute(Object(Symfony/Component/Console/Input/ArgvInput), Object(Illuminate/Console/OutputStyle))
#18 C:/Users/andre/Desktop/api-spiral-main/api-spiral-main/vendor/laravel/framework/src/Illuminate/Console/Command.php(180): Symfony/Component/Console/Command/Command->run(Object(Symfony/Component/Console/Input/ArgvInput), Object(Illuminate/Console/OutputStyle))
#19 C:/Users/andre/Desktop/api-spiral-main/api-spiral-main/vendor/symfony/console/Application.php(1102): Illuminate/Console/Command->run(Object(Symfony/Component/Console/Input/ArgvInput), Object(Symfony/Component/Console/Output/ConsoleOutput))
#20 C:/Users/andre/Desktop/api-spiral-main/api-spiral-main/vendor/symfony/console/Application.php(356): Symfony/Component/Console/Application->doRunCommand(Object(L5Swagger/Console/GenerateDocsCommand), Object(Symfony/Component/Console/Input/ArgvInput), Object(Symfony/Component/Console/Output/ConsoleOutput))
#21 C:/Users/andre/Desktop/api-spiral-main/api-spiral-main/vendor/symfony/console/Application.php(195): Symfony/Component/Console/Application->doRun(Object(Symfony/Component/Console/Input/ArgvInput), Object(Symfony/Component/Console/Output/ConsoleOutput))
#22 C:/Users/andre/Desktop/api-spiral-main/api-spiral-main/vendor/laravel/framework/src/Illuminate/Foundation/Console/Kernel.php(198): Symfony/Component/Console/Application->run(Object(Symfony/Component/Console/Input/ArgvInput), Object(Symfony/Component/Console/Output/ConsoleOutput))
#23 C:/Users/andre/Desktop/api-spiral-main/api-spiral-main/vendor/laravel/framework/src/Illuminate/Foundation/Application.php(1235): Illuminate/Foundation/Console/Kernel->handle(Object(Symfony/Component/Console/Input/ArgvInput), Object(Symfony/Component/Console/Output/ConsoleOutput))
#24 C:/Users/andre/Desktop/api-spiral-main/api-spiral-main/artisan(16): Illuminate/Foundation/Application->handleCommand(Object(Symfony/Component/Console/Input/ArgvInput))
#25 {main}
"} 
[2026-03-13 22:10:25] local.ERROR: Required @OA\PathItem() not found {"exception":"[object] (ErrorException(code: 0): Required @OA\\PathItem() not found at C:/Users/andre/Desktop/api-spiral-main/api-spiral-main/vendor/zircote/swagger-php/src/Loggers/DefaultLogger.php:23)
[stacktrace]
#0 C:/Users/andre/Desktop/api-spiral-main/api-spiral-main/vendor/laravel/framework/src/Illuminate/Foundation/Bootstrap/HandleExceptions.php(258): Illuminate/Foundation/Bootstrap/HandleExceptions->handleError(512, 'Required @OA//Pa...', 'C://Users//andre//...', 23)
#1 [internal function]: Illuminate/Foundation/Bootstrap/HandleExceptions->Illuminate/Foundation/Bootstrap/{closure}(512, 'Required @OA//Pa...', 'C://Users//andre//...', 23)
#2 C:/Users/andre/Desktop/api-spiral-main/api-spiral-main/vendor/zircote/swagger-php/src/Loggers/DefaultLogger.php(23): trigger_error('Required @OA//Pa...', 512)
#3 C:/Users/andre/Desktop/api-spiral-main/api-spiral-main/vendor/psr/log/src/LoggerTrait.php(61): OpenApi/Loggers/DefaultLogger->log('warning', 'Required @OA//Pa...', Array)
#4 C:/Users/andre/Desktop/api-spiral-main/api-spiral-main/vendor/zircote/swagger-php/src/Annotations/OpenApi.php(178): Psr/Log/AbstractLogger->warning('Required @OA//Pa...')
#5 C:/Users/andre/Desktop/api-spiral-main/api-spiral-main/vendor/zircote/swagger-php/src/Analysis.php(392): OpenApi/Annotations/OpenApi->validate()
#6 C:/Users/andre/Desktop/api-spiral-main/api-spiral-main/vendor/zircote/swagger-php/src/Generator.php(408): OpenApi/Analysis->validate()
#7 C:/Users/andre/Desktop/api-spiral-main/api-spiral-main/vendor/darkaonline/l5-swagger/src/Generator.php(177): OpenApi/Generator->generate(Object(OpenApi/SourceFinder), Object(OpenApi/Analysis))
#8 C:/Users/andre/Desktop/api-spiral-main/api-spiral-main/vendor/darkaonline/l5-swagger/src/Generator.php(118): L5Swagger/Generator->scanFilesForDocumentation()
#9 C:/Users/andre/Desktop/api-spiral-main/api-spiral-main/vendor/darkaonline/l5-swagger/src/Console/GenerateDocsCommand.php(73): L5Swagger/Generator->generateDocs()
#10 C:/Users/andre/Desktop/api-spiral-main/api-spiral-main/vendor/darkaonline/l5-swagger/src/Console/GenerateDocsCommand.php(56): L5Swagger/Console/GenerateDocsCommand->generateDocumentation(Object(L5Swagger/GeneratorFactory), 'default')
#11 C:/Users/andre/Desktop/api-spiral-main/api-spiral-main/vendor/laravel/framework/src/Illuminate/Container/BoundMethod.php(36): L5Swagger/Console/GenerateDocsCommand->handle(Object(L5Swagger/GeneratorFactory))
#12 C:/Users/andre/Desktop/api-spiral-main/api-spiral-main/vendor/laravel/framework/src/Illuminate/Container/Util.php(43): Illuminate/Container/BoundMethod::Illuminate/Container/{closure}()
#13 C:/Users/andre/Desktop/api-spiral-main/api-spiral-main/vendor/laravel/framework/src/Illuminate/Container/BoundMethod.php(96): Illuminate/Container/Util::unwrapIfClosure(Object(Closure))
#14 C:/Users/andre/Desktop/api-spiral-main/api-spiral-main/vendor/laravel/framework/src/Illuminate/Container/BoundMethod.php(35): Illuminate/Container/BoundMethod::callBoundMethod(Object(Illuminate/Foundation/Application), Array, Object(Closure))
#15 C:/Users/andre/Desktop/api-spiral-main/api-spiral-main/vendor/laravel/framework/src/Illuminate/Container/Container.php(799): Illuminate/Container/BoundMethod::call(Object(Illuminate/Foundation/Application), Array, Array, NULL)
#16 C:/Users/andre/Desktop/api-spiral-main/api-spiral-main/vendor/laravel/framework/src/Illuminate/Console/Command.php(211): Illuminate/Container/Container->call(Array)
#17 C:/Users/andre/Desktop/api-spiral-main/api-spiral-main/vendor/symfony/console/Command/Command.php(341): Illuminate/Console/Command->execute(Object(Symfony/Component/Console/Input/ArgvInput), Object(Illuminate/Console/OutputStyle))
#18 C:/Users/andre/Desktop/api-spiral-main/api-spiral-main/vendor/laravel/framework/src/Illuminate/Console/Command.php(180): Symfony/Component/Console/Command/Command->run(Object(Symfony/Component/Console/Input/ArgvInput), Object(Illuminate/Console/OutputStyle))
#19 C:/Users/andre/Desktop/api-spiral-main/api-spiral-main/vendor/symfony/console/Application.php(1102): Illuminate/Console/Command->run(Object(Symfony/Component/Console/Input/ArgvInput), Object(Symfony/Component/Console/Output/ConsoleOutput))
#20 C:/Users/andre/Desktop/api-spiral-main/api-spiral-main/vendor/symfony/console/Application.php(356): Symfony/Component/Console/Application->doRunCommand(Object(L5Swagger/Console/GenerateDocsCommand), Object(Symfony/Component/Console/Input/ArgvInput), Object(Symfony/Component/Console/Output/ConsoleOutput))
#21 C:/Users/andre/Desktop/api-spiral-main/api-spiral-main/vendor/symfony/console/Application.php(195): Symfony/Component/Console/Application->doRun(Object(Symfony/Component/Console/Input/ArgvInput), Object(Symfony/Component/Console/Output/ConsoleOutput))
#22 C:/Users/andre/Desktop/api-spiral-main/api-spiral-main/vendor/laravel/framework/src/Illuminate/Foundation/Console/Kernel.php(198): Symfony/Component/Console/Application->run(Object(Symfony/Component/Console/Input/ArgvInput), Object(Symfony/Component/Console/Output/ConsoleOutput))
#23 C:/Users/andre/Desktop/api-spiral-main/api-spiral-main/vendor/laravel/framework/src/Illuminate/Foundation/Application.php(1235): Illuminate/Foundation/Console/Kernel->handle(Object(Symfony/Component/Console/Input/ArgvInput), Object(Symfony/Component/Console/Output/ConsoleOutput))
#24 C:/Users/andre/Desktop/api-spiral-main/api-spiral-main/artisan(16): Illuminate/Foundation/Application->handleCommand(Object(Symfony/Component/Console/Input/ArgvInput))
#25 {main}
"} 
[2026-03-13 22:10:42] local.ERROR: Required @OA\PathItem() not found {"exception":"[object] (ErrorException(code: 0): Required @OA\\PathItem() not found at C:/Users/andre/Desktop/api-spiral-main/api-spiral-main/vendor/zircote/swagger-php/src/Loggers/DefaultLogger.php:23)
[stacktrace]
#0 C:/Users/andre/Desktop/api-spiral-main/api-spiral-main/vendor/laravel/framework/src/Illuminate/Foundation/Bootstrap/HandleExceptions.php(258): Illuminate/Foundation/Bootstrap/HandleExceptions->handleError(512, 'Required @OA//Pa...', 'C://Users//andre//...', 23)
#1 [internal function]: Illuminate/Foundation/Bootstrap/HandleExceptions->Illuminate/Foundation/Bootstrap/{closure}(512, 'Required @OA//Pa...', 'C://Users//andre//...', 23)
#2 C:/Users/andre/Desktop/api-spiral-main/api-spiral-main/vendor/zircote/swagger-php/src/Loggers/DefaultLogger.php(23): trigger_error('Required @OA//Pa...', 512)
#3 C:/Users/andre/Desktop/api-spiral-main/api-spiral-main/vendor/psr/log/src/LoggerTrait.php(61): OpenApi/Loggers/DefaultLogger->log('warning', 'Required @OA//Pa...', Array)
#4 C:/Users/andre/Desktop/api-spiral-main/api-spiral-main/vendor/zircote/swagger-php/src/Annotations/OpenApi.php(178): Psr/Log/AbstractLogger->warning('Required @OA//Pa...')
#5 C:/Users/andre/Desktop/api-spiral-main/api-spiral-main/vendor/zircote/swagger-php/src/Analysis.php(392): OpenApi/Annotations/OpenApi->validate()
#6 C:/Users/andre/Desktop/api-spiral-main/api-spiral-main/vendor/zircote/swagger-php/src/Generator.php(408): OpenApi/Analysis->validate()
#7 C:/Users/andre/Desktop/api-spiral-main/api-spiral-main/vendor/darkaonline/l5-swagger/src/Generator.php(177): OpenApi/Generator->generate(Object(OpenApi/SourceFinder), Object(OpenApi/Analysis))
#8 C:/Users/andre/Desktop/api-spiral-main/api-spiral-main/vendor/darkaonline/l5-swagger/src/Generator.php(118): L5Swagger/Generator->scanFilesForDocumentation()
#9 C:/Users/andre/Desktop/api-spiral-main/api-spiral-main/vendor/darkaonline/l5-swagger/src/Console/GenerateDocsCommand.php(73): L5Swagger/Generator->generateDocs()
#10 C:/Users/andre/Desktop/api-spiral-main/api-spiral-main/vendor/darkaonline/l5-swagger/src/Console/GenerateDocsCommand.php(56): L5Swagger/Console/GenerateDocsCommand->generateDocumentation(Object(L5Swagger/GeneratorFactory), 'default')
#11 C:/Users/andre/Desktop/api-spiral-main/api-spiral-main/vendor/laravel/framework/src/Illuminate/Container/BoundMethod.php(36): L5Swagger/Console/GenerateDocsCommand->handle(Object(L5Swagger/GeneratorFactory))
#12 C:/Users/andre/Desktop/api-spiral-main/api-spiral-main/vendor/laravel/framework/src/Illuminate/Container/Util.php(43): Illuminate/Container/BoundMethod::Illuminate/Container/{closure}()
#13 C:/Users/andre/Desktop/api-spiral-main/api-spiral-main/vendor/laravel/framework/src/Illuminate/Container/BoundMethod.php(96): Illuminate/Container/Util::unwrapIfClosure(Object(Closure))
#14 C:/Users/andre/Desktop/api-spiral-main/api-spiral-main/vendor/laravel/framework/src/Illuminate/Container/BoundMethod.php(35): Illuminate/Container/BoundMethod::callBoundMethod(Object(Illuminate/Foundation/Application), Array, Object(Closure))
#15 C:/Users/andre/Desktop/api-spiral-main/api-spiral-main/vendor/laravel/framework/src/Illuminate/Container/Container.php(799): Illuminate/Container/BoundMethod::call(Object(Illuminate/Foundation/Application), Array, Array, NULL)
#16 C:/Users/andre/Desktop/api-spiral-main/api-spiral-main/vendor/laravel/framework/src/Illuminate/Console/Command.php(211): Illuminate/Container/Container->call(Array)
#17 C:/Users/andre/Desktop/api-spiral-main/api-spiral-main/vendor/symfony/console/Command/Command.php(341): Illuminate/Console/Command->execute(Object(Symfony/Component/Console/Input/ArgvInput), Object(Illuminate/Console/OutputStyle))
#18 C:/Users/andre/Desktop/api-spiral-main/api-spiral-main/vendor/laravel/framework/src/Illuminate/Console/Command.php(180): Symfony/Component/Console/Command/Command->run(Object(Symfony/Component/Console/Input/ArgvInput), Object(Illuminate/Console/OutputStyle))
#19 C:/Users/andre/Desktop/api-spiral-main/api-spiral-main/vendor/symfony/console/Application.php(1102): Illuminate/Console/Command->run(Object(Symfony/Component/Console/Input/ArgvInput), Object(Symfony/Component/Console/Output/ConsoleOutput))
#20 C:/Users/andre/Desktop/api-spiral-main/api-spiral-main/vendor/symfony/console/Application.php(356): Symfony/Component/Console/Application->doRunCommand(Object(L5Swagger/Console/GenerateDocsCommand), Object(Symfony/Component/Console/Input/ArgvInput), Object(Symfony/Component/Console/Output/ConsoleOutput))
#21 C:/Users/andre/Desktop/api-spiral-main/api-spiral-main/vendor/symfony/console/Application.php(195): Symfony/Component/Console/Application->doRun(Object(Symfony/Component/Console/Input/ArgvInput), Object(Symfony/Component/Console/Output/ConsoleOutput))
#22 C:/Users/andre/Desktop/api-spiral-main/api-spiral-main/vendor/laravel/framework/src/Illuminate/Foundation/Console/Kernel.php(198): Symfony/Component/Console/Application->run(Object(Symfony/Component/Console/Input/ArgvInput), Object(Symfony/Component/Console/Output/ConsoleOutput))
#23 C:/Users/andre/Desktop/api-spiral-main/api-spiral-main/vendor/laravel/framework/src/Illuminate/Foundation/Application.php(1235): Illuminate/Foundation/Console/Kernel->handle(Object(Symfony/Component/Console/Input/ArgvInput), Object(Symfony/Component/Console/Output/ConsoleOutput))
#24 C:/Users/andre/Desktop/api-spiral-main/api-spiral-main/artisan(16): Illuminate/Foundation/Application->handleCommand(Object(Symfony/Component/Console/Input/ArgvInput))
#25 {main}
"} 
[2026-03-13 22:11:31] local.ERROR: Required @OA\PathItem() not found {"exception":"[object] (ErrorException(code: 0): Required @OA\\PathItem() not found at C:/Users/andre/Desktop/api-spiral-main/api-spiral-main/vendor/zircote/swagger-php/src/Loggers/DefaultLogger.php:23)
[stacktrace]
#0 C:/Users/andre/Desktop/api-spiral-main/api-spiral-main/vendor/laravel/framework/src/Illuminate/Foundation/Bootstrap/HandleExceptions.php(258): Illuminate/Foundation/Bootstrap/HandleExceptions->handleError(512, 'Required @OA//Pa...', 'C://Users//andre//...', 23)
#1 [internal function]: Illuminate/Foundation/Bootstrap/HandleExceptions->Illuminate/Foundation/Bootstrap/{closure}(512, 'Required @OA//Pa...', 'C://Users//andre//...', 23)
#2 C:/Users/andre/Desktop/api-spiral-main/api-spiral-main/vendor/zircote/swagger-php/src/Loggers/DefaultLogger.php(23): trigger_error('Required @OA//Pa...', 512)
#3 C:/Users/andre/Desktop/api-spiral-main/api-spiral-main/vendor/psr/log/src/LoggerTrait.php(61): OpenApi/Loggers/DefaultLogger->log('warning', 'Required @OA//Pa...', Array)
#4 C:/Users/andre/Desktop/api-spiral-main/api-spiral-main/vendor/zircote/swagger-php/src/Annotations/OpenApi.php(178): Psr/Log/AbstractLogger->warning('Required @OA//Pa...')
#5 C:/Users/andre/Desktop/api-spiral-main/api-spiral-main/vendor/zircote/swagger-php/src/Analysis.php(392): OpenApi/Annotations/OpenApi->validate()
#6 C:/Users/andre/Desktop/api-spiral-main/api-spiral-main/vendor/zircote/swagger-php/src/Generator.php(408): OpenApi/Analysis->validate()
#7 C:/Users/andre/Desktop/api-spiral-main/api-spiral-main/vendor/darkaonline/l5-swagger/src/Generator.php(177): OpenApi/Generator->generate(Object(OpenApi/SourceFinder), Object(OpenApi/Analysis))
#8 C:/Users/andre/Desktop/api-spiral-main/api-spiral-main/vendor/darkaonline/l5-swagger/src/Generator.php(118): L5Swagger/Generator->scanFilesForDocumentation()
#9 C:/Users/andre/Desktop/api-spiral-main/api-spiral-main/vendor/darkaonline/l5-swagger/src/Console/GenerateDocsCommand.php(73): L5Swagger/Generator->generateDocs()
#10 C:/Users/andre/Desktop/api-spiral-main/api-spiral-main/vendor/darkaonline/l5-swagger/src/Console/GenerateDocsCommand.php(56): L5Swagger/Console/GenerateDocsCommand->generateDocumentation(Object(L5Swagger/GeneratorFactory), 'default')
#11 C:/Users/andre/Desktop/api-spiral-main/api-spiral-main/vendor/laravel/framework/src/Illuminate/Container/BoundMethod.php(36): L5Swagger/Console/GenerateDocsCommand->handle(Object(L5Swagger/GeneratorFactory))
#12 C:/Users/andre/Desktop/api-spiral-main/api-spiral-main/vendor/laravel/framework/src/Illuminate/Container/Util.php(43): Illuminate/Container/BoundMethod::Illuminate/Container/{closure}()
#13 C:/Users/andre/Desktop/api-spiral-main/api-spiral-main/vendor/laravel/framework/src/Illuminate/Container/BoundMethod.php(96): Illuminate/Container/Util::unwrapIfClosure(Object(Closure))
#14 C:/Users/andre/Desktop/api-spiral-main/api-spiral-main/vendor/laravel/framework/src/Illuminate/Container/BoundMethod.php(35): Illuminate/Container/BoundMethod::callBoundMethod(Object(Illuminate/Foundation/Application), Array, Object(Closure))
#15 C:/Users/andre/Desktop/api-spiral-main/api-spiral-main/vendor/laravel/framework/src/Illuminate/Container/Container.php(799): Illuminate/Container/BoundMethod::call(Object(Illuminate/Foundation/Application), Array, Array, NULL)
#16 C:/Users/andre/Desktop/api-spiral-main/api-spiral-main/vendor/laravel/framework/src/Illuminate/Console/Command.php(211): Illuminate/Container/Container->call(Array)
#17 C:/Users/andre/Desktop/api-spiral-main/api-spiral-main/vendor/symfony/console/Command/Command.php(341): Illuminate/Console/Command->execute(Object(Symfony/Component/Console/Input/ArgvInput), Object(Illuminate/Console/OutputStyle))
#18 C:/Users/andre/Desktop/api-spiral-main/api-spiral-main/vendor/laravel/framework/src/Illuminate/Console/Command.php(180): Symfony/Component/Console/Command/Command->run(Object(Symfony/Component/Console/Input/ArgvInput), Object(Illuminate/Console/OutputStyle))
#19 C:/Users/andre/Desktop/api-spiral-main/api-spiral-main/vendor/symfony/console/Application.php(1102): Illuminate/Console/Command->run(Object(Symfony/Component/Console/Input/ArgvInput), Object(Symfony/Component/Console/Output/ConsoleOutput))
#20 C:/Users/andre/Desktop/api-spiral-main/api-spiral-main/vendor/symfony/console/Application.php(356): Symfony/Component/Console/Application->doRunCommand(Object(L5Swagger/Console/GenerateDocsCommand), Object(Symfony/Component/Console/Input/ArgvInput), Object(Symfony/Component/Console/Output/ConsoleOutput))
#21 C:/Users/andre/Desktop/api-spiral-main/api-spiral-main/vendor/symfony/console/Application.php(195): Symfony/Component/Console/Application->doRun(Object(Symfony/Component/Console/Input/ArgvInput), Object(Symfony/Component/Console/Output/ConsoleOutput))
#22 C:/Users/andre/Desktop/api-spiral-main/api-spiral-main/vendor/laravel/framework/src/Illuminate/Foundation/Console/Kernel.php(198): Symfony/Component/Console/Application->run(Object(Symfony/Component/Console/Input/ArgvInput), Object(Symfony/Component/Console/Output/ConsoleOutput))
#23 C:/Users/andre/Desktop/api-spiral-main/api-spiral-main/vendor/laravel/framework/src/Illuminate/Foundation/Application.php(1235): Illuminate/Foundation/Console/Kernel->handle(Object(Symfony/Component/Console/Input/ArgvInput), Object(Symfony/Component/Console/Output/ConsoleOutput))
#24 C:/Users/andre/Desktop/api-spiral-main/api-spiral-main/artisan(16): Illuminate/Foundation/Application->handleCommand(Object(Symfony/Component/Console/Input/ArgvInput))
#25 {main}
"} 
[2026-03-13 22:14:38] local.ERROR: Required @OA\PathItem() not found {"exception":"[object] (ErrorException(code: 0): Required @OA\\PathItem() not found at C:/Users/andre/Desktop/api-spiral-main/api-spiral-main/vendor/zircote/swagger-php/src/Loggers/DefaultLogger.php:23)
[stacktrace]
#0 C:/Users/andre/Desktop/api-spiral-main/api-spiral-main/vendor/laravel/framework/src/Illuminate/Foundation/Bootstrap/HandleExceptions.php(258): Illuminate/Foundation/Bootstrap/HandleExceptions->handleError(512, 'Required @OA//Pa...', 'C://Users//andre//...', 23)
#1 [internal function]: Illuminate/Foundation/Bootstrap/HandleExceptions->Illuminate/Foundation/Bootstrap/{closure}(512, 'Required @OA//Pa...', 'C://Users//andre//...', 23)
#2 C:/Users/andre/Desktop/api-spiral-main/api-spiral-main/vendor/zircote/swagger-php/src/Loggers/DefaultLogger.php(23): trigger_error('Required @OA//Pa...', 512)
#3 C:/Users/andre/Desktop/api-spiral-main/api-spiral-main/vendor/psr/log/src/LoggerTrait.php(61): OpenApi/Loggers/DefaultLogger->log('warning', 'Required @OA//Pa...', Array)
#4 C:/Users/andre/Desktop/api-spiral-main/api-spiral-main/vendor/zircote/swagger-php/src/Annotations/OpenApi.php(178): Psr/Log/AbstractLogger->warning('Required @OA//Pa...')
#5 C:/Users/andre/Desktop/api-spiral-main/api-spiral-main/vendor/zircote/swagger-php/src/Analysis.php(392): OpenApi/Annotations/OpenApi->validate()
#6 C:/Users/andre/Desktop/api-spiral-main/api-spiral-main/vendor/zircote/swagger-php/src/Generator.php(408): OpenApi/Analysis->validate()
#7 C:/Users/andre/Desktop/api-spiral-main/api-spiral-main/vendor/darkaonline/l5-swagger/src/Generator.php(177): OpenApi/Generator->generate(Object(OpenApi/SourceFinder), Object(OpenApi/Analysis))
#8 C:/Users/andre/Desktop/api-spiral-main/api-spiral-main/vendor/darkaonline/l5-swagger/src/Generator.php(118): L5Swagger/Generator->scanFilesForDocumentation()
#9 C:/Users/andre/Desktop/api-spiral-main/api-spiral-main/vendor/darkaonline/l5-swagger/src/Console/GenerateDocsCommand.php(73): L5Swagger/Generator->generateDocs()
#10 C:/Users/andre/Desktop/api-spiral-main/api-spiral-main/vendor/darkaonline/l5-swagger/src/Console/GenerateDocsCommand.php(56): L5Swagger/Console/GenerateDocsCommand->generateDocumentation(Object(L5Swagger/GeneratorFactory), 'default')
#11 C:/Users/andre/Desktop/api-spiral-main/api-spiral-main/vendor/laravel/framework/src/Illuminate/Container/BoundMethod.php(36): L5Swagger/Console/GenerateDocsCommand->handle(Object(L5Swagger/GeneratorFactory))
#12 C:/Users/andre/Desktop/api-spiral-main/api-spiral-main/vendor/laravel/framework/src/Illuminate/Container/Util.php(43): Illuminate/Container/BoundMethod::Illuminate/Container/{closure}()
#13 C:/Users/andre/Desktop/api-spiral-main/api-spiral-main/vendor/laravel/framework/src/Illuminate/Container/BoundMethod.php(96): Illuminate/Container/Util::unwrapIfClosure(Object(Closure))
#14 C:/Users/andre/Desktop/api-spiral-main/api-spiral-main/vendor/laravel/framework/src/Illuminate/Container/BoundMethod.php(35): Illuminate/Container/BoundMethod::callBoundMethod(Object(Illuminate/Foundation/Application), Array, Object(Closure))
#15 C:/Users/andre/Desktop/api-spiral-main/api-spiral-main/vendor/laravel/framework/src/Illuminate/Container/Container.php(799): Illuminate/Container/BoundMethod::call(Object(Illuminate/Foundation/Application), Array, Array, NULL)
#16 C:/Users/andre/Desktop/api-spiral-main/api-spiral-main/vendor/laravel/framework/src/Illuminate/Console/Command.php(211): Illuminate/Container/Container->call(Array)
#17 C:/Users/andre/Desktop/api-spiral-main/api-spiral-main/vendor/symfony/console/Command/Command.php(341): Illuminate/Console/Command->execute(Object(Symfony/Component/Console/Input/ArgvInput), Object(Illuminate/Console/OutputStyle))
#18 C:/Users/andre/Desktop/api-spiral-main/api-spiral-main/vendor/laravel/framework/src/Illuminate/Console/Command.php(180): Symfony/Component/Console/Command/Command->run(Object(Symfony/Component/Console/Input/ArgvInput), Object(Illuminate/Console/OutputStyle))
#19 C:/Users/andre/Desktop/api-spiral-main/api-spiral-main/vendor/symfony/console/Application.php(1102): Illuminate/Console/Command->run(Object(Symfony/Component/Console/Input/ArgvInput), Object(Symfony/Component/Console/Output/ConsoleOutput))
#20 C:/Users/andre/Desktop/api-spiral-main/api-spiral-main/vendor/symfony/console/Application.php(356): Symfony/Component/Console/Application->doRunCommand(Object(L5Swagger/Console/GenerateDocsCommand), Object(Symfony/Component/Console/Input/ArgvInput), Object(Symfony/Component/Console/Output/ConsoleOutput))
#21 C:/Users/andre/Desktop/api-spiral-main/api-spiral-main/vendor/symfony/console/Application.php(195): Symfony/Component/Console/Application->doRun(Object(Symfony/Component/Console/Input/ArgvInput), Object(Symfony/Component/Console/Output/ConsoleOutput))
#22 C:/Users/andre/Desktop/api-spiral-main/api-spiral-main/vendor/laravel/framework/src/Illuminate/Foundation/Console/Kernel.php(198): Symfony/Component/Console/Application->run(Object(Symfony/Component/Console/Input/ArgvInput), Object(Symfony/Component/Console/Output/ConsoleOutput))
#23 C:/Users/andre/Desktop/api-spiral-main/api-spiral-main/vendor/laravel/framework/src/Illuminate/Foundation/Application.php(1235): Illuminate/Foundation/Console/Kernel->handle(Object(Symfony/Component/Console/Input/ArgvInput), Object(Symfony/Component/Console/Output/ConsoleOutput))
#24 C:/Users/andre/Desktop/api-spiral-main/api-spiral-main/artisan(16): Illuminate/Foundation/Application->handleCommand(Object(Symfony/Component/Console/Input/ArgvInput))
#25 {main}
"} 
[2026-03-13 22:16:01] local.ERROR: The "--v" option does not exist. {"exception":"[object] (Symfony\\Component\\Console\\Exception\\RuntimeException(code: 0): The \"--v\" option does not exist. at C:/Users/andre/Desktop/api-spiral-main/api-spiral-main/vendor/symfony/console/Input/ArgvInput.php:226)
[stacktrace]
#0 C:/Users/andre/Desktop/api-spiral-main/api-spiral-main/vendor/symfony/console/Input/ArgvInput.php(155): Symfony/Component/Console/Input/ArgvInput->addLongOption('v', NULL)
#1 C:/Users/andre/Desktop/api-spiral-main/api-spiral-main/vendor/symfony/console/Input/ArgvInput.php(88): Symfony/Component/Console/Input/ArgvInput->parseLongOption('--v')
#2 C:/Users/andre/Desktop/api-spiral-main/api-spiral-main/vendor/symfony/console/Input/ArgvInput.php(77): Symfony/Component/Console/Input/ArgvInput->parseToken('--v', true)
#3 C:/Users/andre/Desktop/api-spiral-main/api-spiral-main/vendor/symfony/console/Input/Input.php(53): Symfony/Component/Console/Input/ArgvInput->parse()
#4 C:/Users/andre/Desktop/api-spiral-main/api-spiral-main/vendor/symfony/console/Command/Command.php(295): Symfony/Component/Console/Input/Input->bind(Object(Symfony/Component/Console/Input/InputDefinition))
#5 C:/Users/andre/Desktop/api-spiral-main/api-spiral-main/vendor/laravel/framework/src/Illuminate/Console/Command.php(180): Symfony/Component/Console/Command/Command->run(Object(Symfony/Component/Console/Input/ArgvInput), Object(Illuminate/Console/OutputStyle))
#6 C:/Users/andre/Desktop/api-spiral-main/api-spiral-main/vendor/symfony/console/Application.php(1102): Illuminate/Console/Command->run(Object(Symfony/Component/Console/Input/ArgvInput), Object(Symfony/Component/Console/Output/ConsoleOutput))
#7 C:/Users/andre/Desktop/api-spiral-main/api-spiral-main/vendor/symfony/console/Application.php(356): Symfony/Component/Console/Application->doRunCommand(Object(L5Swagger/Console/GenerateDocsCommand), Object(Symfony/Component/Console/Input/ArgvInput), Object(Symfony/Component/Console/Output/ConsoleOutput))
#8 C:/Users/andre/Desktop/api-spiral-main/api-spiral-main/vendor/symfony/console/Application.php(195): Symfony/Component/Console/Application->doRun(Object(Symfony/Component/Console/Input/ArgvInput), Object(Symfony/Component/Console/Output/ConsoleOutput))
#9 C:/Users/andre/Desktop/api-spiral-main/api-spiral-main/vendor/laravel/framework/src/Illuminate/Foundation/Console/Kernel.php(198): Symfony/Component/Console/Application->run(Object(Symfony/Component/Console/Input/ArgvInput), Object(Symfony/Component/Console/Output/ConsoleOutput))
#10 C:/Users/andre/Desktop/api-spiral-main/api-spiral-main/vendor/laravel/framework/src/Illuminate/Foundation/Application.php(1235): Illuminate/Foundation/Console/Kernel->handle(Object(Symfony/Component/Console/Input/ArgvInput), Object(Symfony/Component/Console/Output/ConsoleOutput))
#11 C:/Users/andre/Desktop/api-spiral-main/api-spiral-main/artisan(16): Illuminate/Foundation/Application->handleCommand(Object(Symfony/Component/Console/Input/ArgvInput))
#12 {main}
"} 
[2026-03-13 22:16:30] local.ERROR: Required @OA\PathItem() not found {"exception":"[object] (ErrorException(code: 0): Required @OA\\PathItem() not found at C:/Users/andre/Desktop/api-spiral-main/api-spiral-main/vendor/zircote/swagger-php/src/Loggers/DefaultLogger.php:23)
[stacktrace]
#0 C:/Users/andre/Desktop/api-spiral-main/api-spiral-main/vendor/laravel/framework/src/Illuminate/Foundation/Bootstrap/HandleExceptions.php(258): Illuminate/Foundation/Bootstrap/HandleExceptions->handleError(512, 'Required @OA//Pa...', 'C://Users//andre//...', 23)
#1 [internal function]: Illuminate/Foundation/Bootstrap/HandleExceptions->Illuminate/Foundation/Bootstrap/{closure}(512, 'Required @OA//Pa...', 'C://Users//andre//...', 23)
#2 C:/Users/andre/Desktop/api-spiral-main/api-spiral-main/vendor/zircote/swagger-php/src/Loggers/DefaultLogger.php(23): trigger_error('Required @OA//Pa...', 512)
#3 C:/Users/andre/Desktop/api-spiral-main/api-spiral-main/vendor/psr/log/src/LoggerTrait.php(61): OpenApi/Loggers/DefaultLogger->log('warning', 'Required @OA//Pa...', Array)
#4 C:/Users/andre/Desktop/api-spiral-main/api-spiral-main/vendor/zircote/swagger-php/src/Annotations/OpenApi.php(178): Psr/Log/AbstractLogger->warning('Required @OA//Pa...')
#5 C:/Users/andre/Desktop/api-spiral-main/api-spiral-main/vendor/zircote/swagger-php/src/Analysis.php(392): OpenApi/Annotations/OpenApi->validate()
#6 C:/Users/andre/Desktop/api-spiral-main/api-spiral-main/vendor/zircote/swagger-php/src/Generator.php(408): OpenApi/Analysis->validate()
#7 C:/Users/andre/Desktop/api-spiral-main/api-spiral-main/vendor/darkaonline/l5-swagger/src/Generator.php(177): OpenApi/Generator->generate(Object(OpenApi/SourceFinder), Object(OpenApi/Analysis))
#8 C:/Users/andre/Desktop/api-spiral-main/api-spiral-main/vendor/darkaonline/l5-swagger/src/Generator.php(118): L5Swagger/Generator->scanFilesForDocumentation()
#9 C:/Users/andre/Desktop/api-spiral-main/api-spiral-main/vendor/darkaonline/l5-swagger/src/Console/GenerateDocsCommand.php(73): L5Swagger/Generator->generateDocs()
#10 C:/Users/andre/Desktop/api-spiral-main/api-spiral-main/vendor/darkaonline/l5-swagger/src/Console/GenerateDocsCommand.php(56): L5Swagger/Console/GenerateDocsCommand->generateDocumentation(Object(L5Swagger/GeneratorFactory), 'default')
#11 C:/Users/andre/Desktop/api-spiral-main/api-spiral-main/vendor/laravel/framework/src/Illuminate/Container/BoundMethod.php(36): L5Swagger/Console/GenerateDocsCommand->handle(Object(L5Swagger/GeneratorFactory))
#12 C:/Users/andre/Desktop/api-spiral-main/api-spiral-main/vendor/laravel/framework/src/Illuminate/Container/Util.php(43): Illuminate/Container/BoundMethod::Illuminate/Container/{closure}()
#13 C:/Users/andre/Desktop/api-spiral-main/api-spiral-main/vendor/laravel/framework/src/Illuminate/Container/BoundMethod.php(96): Illuminate/Container/Util::unwrapIfClosure(Object(Closure))
#14 C:/Users/andre/Desktop/api-spiral-main/api-spiral-main/vendor/laravel/framework/src/Illuminate/Container/BoundMethod.php(35): Illuminate/Container/BoundMethod::callBoundMethod(Object(Illuminate/Foundation/Application), Array, Object(Closure))
#15 C:/Users/andre/Desktop/api-spiral-main/api-spiral-main/vendor/laravel/framework/src/Illuminate/Container/Container.php(799): Illuminate/Container/BoundMethod::call(Object(Illuminate/Foundation/Application), Array, Array, NULL)
#16 C:/Users/andre/Desktop/api-spiral-main/api-spiral-main/vendor/laravel/framework/src/Illuminate/Console/Command.php(211): Illuminate/Container/Container->call(Array)
#17 C:/Users/andre/Desktop/api-spiral-main/api-spiral-main/vendor/symfony/console/Command/Command.php(341): Illuminate/Console/Command->execute(Object(Symfony/Component/Console/Input/ArgvInput), Object(Illuminate/Console/OutputStyle))
#18 C:/Users/andre/Desktop/api-spiral-main/api-spiral-main/vendor/laravel/framework/src/Illuminate/Console/Command.php(180): Symfony/Component/Console/Command/Command->run(Object(Symfony/Component/Console/Input/ArgvInput), Object(Illuminate/Console/OutputStyle))
#19 C:/Users/andre/Desktop/api-spiral-main/api-spiral-main/vendor/symfony/console/Application.php(1102): Illuminate/Console/Command->run(Object(Symfony/Component/Console/Input/ArgvInput), Object(Symfony/Component/Console/Output/ConsoleOutput))
#20 C:/Users/andre/Desktop/api-spiral-main/api-spiral-main/vendor/symfony/console/Application.php(356): Symfony/Component/Console/Application->doRunCommand(Object(L5Swagger/Console/GenerateDocsCommand), Object(Symfony/Component/Console/Input/ArgvInput), Object(Symfony/Component/Console/Output/ConsoleOutput))
#21 C:/Users/andre/Desktop/api-spiral-main/api-spiral-main/vendor/symfony/console/Application.php(195): Symfony/Component/Console/Application->doRun(Object(Symfony/Component/Console/Input/ArgvInput), Object(Symfony/Component/Console/Output/ConsoleOutput))
#22 C:/Users/andre/Desktop/api-spiral-main/api-spiral-main/vendor/laravel/framework/src/Illuminate/Foundation/Console/Kernel.php(198): Symfony/Component/Console/Application->run(Object(Symfony/Component/Console/Input/ArgvInput), Object(Symfony/Component/Console/Output/ConsoleOutput))
#23 C:/Users/andre/Desktop/api-spiral-main/api-spiral-main/vendor/laravel/framework/src/Illuminate/Foundation/Application.php(1235): Illuminate/Foundation/Console/Kernel->handle(Object(Symfony/Component/Console/Input/ArgvInput), Object(Symfony/Component/Console/Output/ConsoleOutput))
#24 C:/Users/andre/Desktop/api-spiral-main/api-spiral-main/artisan(16): Illuminate/Foundation/Application->handleCommand(Object(Symfony/Component/Console/Input/ArgvInput))
#25 {main}
"} 
[2026-03-13 22:28:50] local.ERROR: could not find driver (Connection: pgsql, Host: localhost, Port: 5432, Database: spiralcompany_db, SQL: delete from "cache") {"exception":"[object] (Illuminate\\Database\\QueryException(code: 0): could not find driver (Connection: pgsql, Host: localhost, Port: 5432, Database: spiralcompany_db, SQL: delete from \"cache\") at C:/Users/andre/Desktop/api-spiral-main/api-spiral-main/vendor/laravel/framework/src/Illuminate/Database/Connection.php:838)
[stacktrace]
#0 C:/Users/andre/Desktop/api-spiral-main/api-spiral-main/vendor/laravel/framework/src/Illuminate/Database/Connection.php(794): Illuminate/Database/Connection->runQueryCallback('delete from \"ca...', Array, Object(Closure))
#1 C:/Users/andre/Desktop/api-spiral-main/api-spiral-main/vendor/laravel/framework/src/Illuminate/Database/Connection.php(597): Illuminate/Database/Connection->run('delete from \"ca...', Array, Object(Closure))
#2 C:/Users/andre/Desktop/api-spiral-main/api-spiral-main/vendor/laravel/framework/src/Illuminate/Database/Connection.php(561): Illuminate/Database/Connection->affectingStatement('delete from \"ca...', Array)
#3 C:/Users/andre/Desktop/api-spiral-main/api-spiral-main/vendor/laravel/framework/src/Illuminate/Database/Query/Builder.php(4359): Illuminate/Database/Connection->delete('delete from \"ca...', Array)
#4 C:/Users/andre/Desktop/api-spiral-main/api-spiral-main/vendor/laravel/framework/src/Illuminate/Cache/DatabaseStore.php(423): Illuminate/Database/Query/Builder->delete()
#5 C:/Users/andre/Desktop/api-spiral-main/api-spiral-main/vendor/laravel/framework/src/Illuminate/Cache/Repository.php(962): Illuminate/Cache/DatabaseStore->flush()
#6 C:/Users/andre/Desktop/api-spiral-main/api-spiral-main/vendor/laravel/framework/src/Illuminate/Cache/Console/ClearCommand.php(68): Illuminate/Cache/Repository->__call('flush', Array)
#7 C:/Users/andre/Desktop/api-spiral-main/api-spiral-main/vendor/laravel/framework/src/Illuminate/Container/BoundMethod.php(36): Illuminate/Cache/Console/ClearCommand->handle()
#8 C:/Users/andre/Desktop/api-spiral-main/api-spiral-main/vendor/laravel/framework/src/Illuminate/Container/Util.php(43): Illuminate/Container/BoundMethod::Illuminate/Container/{closure}()
#9 C:/Users/andre/Desktop/api-spiral-main/api-spiral-main/vendor/laravel/framework/src/Illuminate/Container/BoundMethod.php(96): Illuminate/Container/Util::unwrapIfClosure(Object(Closure))
#10 C:/Users/andre/Desktop/api-spiral-main/api-spiral-main/vendor/laravel/framework/src/Illuminate/Container/BoundMethod.php(35): Illuminate/Container/BoundMethod::callBoundMethod(Object(Illuminate/Foundation/Application), Array, Object(Closure))
#11 C:/Users/andre/Desktop/api-spiral-main/api-spiral-main/vendor/laravel/framework/src/Illuminate/Container/Container.php(799): Illuminate/Container/BoundMethod::call(Object(Illuminate/Foundation/Application), Array, Array, NULL)
#12 C:/Users/andre/Desktop/api-spiral-main/api-spiral-main/vendor/laravel/framework/src/Illuminate/Console/Command.php(211): Illuminate/Container/Container->call(Array)
#13 C:/Users/andre/Desktop/api-spiral-main/api-spiral-main/vendor/symfony/console/Command/Command.php(341): Illuminate/Console/Command->execute(Object(Symfony/Component/Console/Input/ArgvInput), Object(Illuminate/Console/OutputStyle))
#14 C:/Users/andre/Desktop/api-spiral-main/api-spiral-main/vendor/laravel/framework/src/Illuminate/Console/Command.php(180): Symfony/Component/Console/Command/Command->run(Object(Symfony/Component/Console/Input/ArgvInput), Object(Illuminate/Console/OutputStyle))
#15 C:/Users/andre/Desktop/api-spiral-main/api-spiral-main/vendor/symfony/console/Application.php(1102): Illuminate/Console/Command->run(Object(Symfony/Component/Console/Input/ArgvInput), Object(Symfony/Component/Console/Output/ConsoleOutput))
#16 C:/Users/andre/Desktop/api-spiral-main/api-spiral-main/vendor/symfony/console/Application.php(356): Symfony/Component/Console/Application->doRunCommand(Object(Illuminate/Cache/Console/ClearCommand), Object(Symfony/Component/Console/Input/ArgvInput), Object(Symfony/Component/Console/Output/ConsoleOutput))
#17 C:/Users/andre/Desktop/api-spiral-main/api-spiral-main/vendor/symfony/console/Application.php(195): Symfony/Component/Console/Application->doRun(Object(Symfony/Component/Console/Input/ArgvInput), Object(Symfony/Component/Console/Output/ConsoleOutput))
#18 C:/Users/andre/Desktop/api-spiral-main/api-spiral-main/vendor/laravel/framework/src/Illuminate/Foundation/Console/Kernel.php(198): Symfony/Component/Console/Application->run(Object(Symfony/Component/Console/Input/ArgvInput), Object(Symfony/Component/Console/Output/ConsoleOutput))
#19 C:/Users/andre/Desktop/api-spiral-main/api-spiral-main/vendor/laravel/framework/src/Illuminate/Foundation/Application.php(1235): Illuminate/Foundation/Console/Kernel->handle(Object(Symfony/Component/Console/Input/ArgvInput), Object(Symfony/Component/Console/Output/ConsoleOutput))
#20 C:/Users/andre/Desktop/api-spiral-main/api-spiral-main/artisan(16): Illuminate/Foundation/Application->handleCommand(Object(Symfony/Component/Console/Input/ArgvInput))
#21 {main}

[previous exception] [object] (PDOException(code: 0): could not find driver at C:/Users/andre/Desktop/api-spiral-main/api-spiral-main/vendor/laravel/framework/src/Illuminate/Database/Connectors/Connector.php:66)
[stacktrace]
#0 C:/Users/andre/Desktop/api-spiral-main/api-spiral-main/vendor/laravel/framework/src/Illuminate/Database/Connectors/Connector.php(66): PDO->__construct('pgsql:host=loca...', 'spiralcompany_u...', Object(SensitiveParameterValue), Array)
#1 C:/Users/andre/Desktop/api-spiral-main/api-spiral-main/vendor/laravel/framework/src/Illuminate/Database/Connectors/Connector.php(44): Illuminate/Database/Connectors/Connector->createPdoConnection('pgsql:host=loca...', 'spiralcompany_u...', Object(SensitiveParameterValue), Array)
#2 C:/Users/andre/Desktop/api-spiral-main/api-spiral-main/vendor/laravel/framework/src/Illuminate/Database/Connectors/PostgresConnector.php(35): Illuminate/Database/Connectors/Connector->createConnection('pgsql:host=loca...', Array, Array)
#3 C:/Users/andre/Desktop/api-spiral-main/api-spiral-main/vendor/laravel/framework/src/Illuminate/Database/Connectors/ConnectionFactory.php(186): Illuminate/Database/Connectors/PostgresConnector->connect(Array)
#4 [internal function]: Illuminate/Database/Connectors/ConnectionFactory->Illuminate/Database/Connectors/{closure}()
#5 C:/Users/andre/Desktop/api-spiral-main/api-spiral-main/vendor/laravel/framework/src/Illuminate/Database/Connection.php(1257): call_user_func(Object(Closure))
#6 C:/Users/andre/Desktop/api-spiral-main/api-spiral-main/vendor/laravel/framework/src/Illuminate/Database/Connection.php(605): Illuminate/Database/Connection->getPdo()
#7 C:/Users/andre/Desktop/api-spiral-main/api-spiral-main/vendor/laravel/framework/src/Illuminate/Database/Connection.php(827): Illuminate/Database/Connection->Illuminate/Database/{closure}('delete from \"ca...', Array)
#8 C:/Users/andre/Desktop/api-spiral-main/api-spiral-main/vendor/laravel/framework/src/Illuminate/Database/Connection.php(794): Illuminate/Database/Connection->runQueryCallback('delete from \"ca...', Array, Object(Closure))
#9 C:/Users/andre/Desktop/api-spiral-main/api-spiral-main/vendor/laravel/framework/src/Illuminate/Database/Connection.php(597): Illuminate/Database/Connection->run('delete from \"ca...', Array, Object(Closure))
#10 C:/Users/andre/Desktop/api-spiral-main/api-spiral-main/vendor/laravel/framework/src/Illuminate/Database/Connection.php(561): Illuminate/Database/Connection->affectingStatement('delete from \"ca...', Array)
#11 C:/Users/andre/Desktop/api-spiral-main/api-spiral-main/vendor/laravel/framework/src/Illuminate/Database/Query/Builder.php(4359): Illuminate/Database/Connection->delete('delete from \"ca...', Array)
#12 C:/Users/andre/Desktop/api-spiral-main/api-spiral-main/vendor/laravel/framework/src/Illuminate/Cache/DatabaseStore.php(423): Illuminate/Database/Query/Builder->delete()
#13 C:/Users/andre/Desktop/api-spiral-main/api-spiral-main/vendor/laravel/framework/src/Illuminate/Cache/Repository.php(962): Illuminate/Cache/DatabaseStore->flush()
#14 C:/Users/andre/Desktop/api-spiral-main/api-spiral-main/vendor/laravel/framework/src/Illuminate/Cache/Console/ClearCommand.php(68): Illuminate/Cache/Repository->__call('flush', Array)
#15 C:/Users/andre/Desktop/api-spiral-main/api-spiral-main/vendor/laravel/framework/src/Illuminate/Container/BoundMethod.php(36): Illuminate/Cache/Console/ClearCommand->handle()
#16 C:/Users/andre/Desktop/api-spiral-main/api-spiral-main/vendor/laravel/framework/src/Illuminate/Container/Util.php(43): Illuminate/Container/BoundMethod::Illuminate/Container/{closure}()
#17 C:/Users/andre/Desktop/api-spiral-main/api-spiral-main/vendor/laravel/framework/src/Illuminate/Container/BoundMethod.php(96): Illuminate/Container/Util::unwrapIfClosure(Object(Closure))
#18 C:/Users/andre/Desktop/api-spiral-main/api-spiral-main/vendor/laravel/framework/src/Illuminate/Container/BoundMethod.php(35): Illuminate/Container/BoundMethod::callBoundMethod(Object(Illuminate/Foundation/Application), Array, Object(Closure))
#19 C:/Users/andre/Desktop/api-spiral-main/api-spiral-main/vendor/laravel/framework/src/Illuminate/Container/Container.php(799): Illuminate/Container/BoundMethod::call(Object(Illuminate/Foundation/Application), Array, Array, NULL)
#20 C:/Users/andre/Desktop/api-spiral-main/api-spiral-main/vendor/laravel/framework/src/Illuminate/Console/Command.php(211): Illuminate/Container/Container->call(Array)
#21 C:/Users/andre/Desktop/api-spiral-main/api-spiral-main/vendor/symfony/console/Command/Command.php(341): Illuminate/Console/Command->execute(Object(Symfony/Component/Console/Input/ArgvInput), Object(Illuminate/Console/OutputStyle))
#22 C:/Users/andre/Desktop/api-spiral-main/api-spiral-main/vendor/laravel/framework/src/Illuminate/Console/Command.php(180): Symfony/Component/Console/Command/Command->run(Object(Symfony/Component/Console/Input/ArgvInput), Object(Illuminate/Console/OutputStyle))
#23 C:/Users/andre/Desktop/api-spiral-main/api-spiral-main/vendor/symfony/console/Application.php(1102): Illuminate/Console/Command->run(Object(Symfony/Component/Console/Input/ArgvInput), Object(Symfony/Component/Console/Output/ConsoleOutput))
#24 C:/Users/andre/Desktop/api-spiral-main/api-spiral-main/vendor/symfony/console/Application.php(356): Symfony/Component/Console/Application->doRunCommand(Object(Illuminate/Cache/Console/ClearCommand), Object(Symfony/Component/Console/Input/ArgvInput), Object(Symfony/Component/Console/Output/ConsoleOutput))
#25 C:/Users/andre/Desktop/api-spiral-main/api-spiral-main/vendor/symfony/console/Application.php(195): Symfony/Component/Console/Application->doRun(Object(Symfony/Component/Console/Input/ArgvInput), Object(Symfony/Component/Console/Output/ConsoleOutput))
#26 C:/Users/andre/Desktop/api-spiral-main/api-spiral-main/vendor/laravel/framework/src/Illuminate/Foundation/Console/Kernel.php(198): Symfony/Component/Console/Application->run(Object(Symfony/Component/Console/Input/ArgvInput), Object(Symfony/Component/Console/Output/ConsoleOutput))
#27 C:/Users/andre/Desktop/api-spiral-main/api-spiral-main/vendor/laravel/framework/src/Illuminate/Foundation/Application.php(1235): Illuminate/Foundation/Console/Kernel->handle(Object(Symfony/Component/Console/Input/ArgvInput), Object(Symfony/Component/Console/Output/ConsoleOutput))
#28 C:/Users/andre/Desktop/api-spiral-main/api-spiral-main/artisan(16): Illuminate/Foundation/Application->handleCommand(Object(Symfony/Component/Console/Input/ArgvInput))
#29 {main}
"} 
